// Jest Snapshot v1, https://goo.gl/fbAQLP

exports[`Home page Matching the snapshot of the navbar 1`] = `
<DocumentFragment>
  <nav
    class="navbar navbar-expand-lg navbar-light"
  >
    <a
      class="navbar-brand"
      href="/"
    >
      <h1
        class="navhead"
        style="margin-left: 100px;"
      >
         
        <b
          class="title text-light"
          style="font-weight: 900;"
        >
          D-Bank
        </b>
      </h1>
    </a>
    <button
      aria-controls="navbarNavAltMarkup"
      aria-expanded="false"
      aria-label="Toggle navigation"
      class="navbar-toggler"
      data-target="#navbarNavAltMarkup"
      data-toggle="collapse"
      type="button"
    >
      <span
        class="navbar-toggler-icon"
      />
    </button>
    <div
      class="collapse navbar-collapse"
      id="navbarNavAltMarkup"
    >
      <div
        class="navbar-nav"
        style="margin-left: 900px;"
      >
        <li
          class="nav-item"
        >
          <a
            class="btn btn-dark"
            href="/userlogin"
          >
            Login
          </a>
        </li>
        <li
          class="nav-item  "
          style="margin-left: 20px;"
        >
          <a
            class="btn btn-dark"
            href="/userregister"
          >
            Register
          </a>
        </li>
      </div>
    </div>
  </nav>
</DocumentFragment>
`;
